
Memory Configuration

Name             Origin             Length             Attributes
debug_ctrl       0x0000000000000000 0x0000000000001000 xrw
maskrom_mem      0x0000000000001000 0x0000000000010000 xr
clint_ctrl       0x0000000002000000 0x0000000000010000 rw
plic_ctrl        0x000000000c000000 0x0000000004000000 rw
gpio_ctrl        0x0000000010012000 0x0000000000001000 rw
uart_ctrl        0x0000000010013000 0x0000000000001000 rw
spi_ctrl         0x0000000010014000 0x0000000000001000 rw
sdmmc0_ctrl      0x0000000026080000 0x0000000000010000 rw
sdmmc1_ctrl      0x0000000026090000 0x0000000000010000 rw
sdmmc2_ctrl      0x00000000260a0000 0x0000000000010000 rw
memory_mem       0x000000008fff0000 0x0000000000010000 xrw
*default*        0x0000000000000000 0xffffffffffffffff

Linker script and memory map

LOAD obj/head.o
LOAD obj/kprintf.o
LOAD obj/nx_clock.o
LOAD obj/iROMBOOT.o
LOAD obj/libplat.o
LOAD obj/debug.o
LOAD obj/iSDHCBOOT.o
LOAD obj/iUSBBOOT.o
LOAD obj/diskio.o
LOAD obj/fnptr.o
                [!provide]                        PROVIDE (_ram, ORIGIN (memory_mem))
                [!provide]                        PROVIDE (_ram_end, (_ram + LENGTH (memory_mem)))

.text           0x0000000000001000     0x2370
                [!provide]                        PROVIDE (_ftext, .)
 *(.text.init)
 .text.init     0x0000000000001000       0xa0 obj/head.o
                0x0000000000001000                _prog_start
 *(.text.unlikely .text.unlikely.*)
 *(.text .text.* .gnu.linkonce.t.*)
 .text          0x00000000000010a0        0x0 obj/head.o
 .text          0x00000000000010a0      0x15e obj/kprintf.o
                0x00000000000010a0                kputs
                0x00000000000010e4                _dprintf
 .text          0x00000000000011fe      0x2ba obj/nx_clock.o
                0x00000000000011fe                NX_PLL_GetFrequency
                0x000000000000126e                setcpuclock
                0x0000000000001330                setsystemclock
                0x00000000000013d6                setdeviceclock
 .text          0x00000000000014b8       0xce obj/iROMBOOT.o
                0x00000000000014b8                iROMBOOT
 .text          0x0000000000001586      0x2da obj/libplat.o
                0x0000000000001586                udelay
                0x00000000000015aa                GPIOReleasePAD
                0x00000000000015da                GPIOSetAltFunction
                0x0000000000001626                GPIOSetDrvSt
                0x0000000000001680                GPIOSetPullup
                0x00000000000016d2                setpad
                0x00000000000017de                nx_memcpy
                0x0000000000001800                nx_memset
                0x0000000000001820                nx_memcmp
                0x000000000000184a                __div0
 .text          0x0000000000001860       0x4e obj/debug.o
                0x0000000000001860                DebugInit
                0x000000000000188e                DebugPutch
                0x000000000000189e                DebugIsBusy
 .text          0x00000000000018ae     0x10c0 obj/iSDHCBOOT.o
                0x00000000000018ae                NX_SDMMC_SetClock
                0x000000000000198c                NX_SDMMC_SendCommandInternal
                0x0000000000001aa8                NX_SDMMC_SendStatus
                0x0000000000001d10                NX_SDMMC_SendCommand
                0x0000000000001d72                NX_SDMMC_SendAppCommand
                0x0000000000001df0                NX_SDMMC_IdentifyCard
                0x0000000000001ff8                NX_SDMMC_SelectCard
                0x0000000000002064                NX_SDMMC_SetCardDetectPullUp
                0x00000000000020d8                NX_SDMMC_SetBusWidth
                0x00000000000021ba                NX_SDMMC_SetBlockLength
                0x0000000000002252                NX_SDMMC_Init
                0x000000000000231c                NX_SDMMC_Terminate
                0x00000000000023a4                NX_SDMMC_Open
                0x00000000000023c8                NX_SDMMC_Close
                0x0000000000002406                NX_SDMMC_ReadSectorData
                0x00000000000025a8                NX_SDMMC_ReadSectors
                0x00000000000026e2                SDMMCBOOT
                0x0000000000002842                NX_SDPADSetALT
                0x0000000000002890                NX_SDPADSetGPIO
                0x00000000000028de                iSDXCBOOT
 .text          0x000000000000296e      0x946 obj/iUSBBOOT.o
                0x000000000000296e                nx_usb_write_in_fifo
                0x00000000000029ac                nx_usb_read_out_fifo
                0x00000000000029ec                nx_usb_ep0_int_hndlr
                0x0000000000002b00                nx_usb_transfer_ep0
                0x0000000000002c12                nx_usb_int_bulkin
                0x0000000000002cce                nx_usb_int_bulkout
                0x0000000000002cd0                nx_usb_reset
                0x0000000000002d62                nx_usb_set_init
                0x0000000000002e9c                nx_usb_pkt_receive
                0x0000000000002f0e                nx_usb_transfer
                0x0000000000002fdc                nx_udc_int_hndlr
                0x0000000000003068                iUSBBOOT
 .text          0x00000000000032b4       0x50 obj/diskio.o
                0x00000000000032b4                disk_initialize
                0x00000000000032ba                disk_status
                0x00000000000032be                disk_read
 .text          0x0000000000003304       0x2c obj/fnptr.o
                0x0000000000003304                Getbl0fnPtr
                0x000000000000330e                delay
                [!provide]                        PROVIDE (_etext, .)
                0x0000000000003370                . = (. + 0x40)
 *fill*         0x0000000000003330       0x40 

.eh_frame       0x0000000000003370        0x0
 *(.eh_frame)

.rodata         0x0000000000003370     0x1028
 *(.rodata .rodata.* .gnu.linkonce.r.*)
 .rodata        0x0000000000003370        0x4 obj/head.o
 .rodata        0x0000000000003374       0x58 obj/kprintf.o
 *fill*         0x00000000000033cc        0x4 
 .rodata        0x00000000000033d0       0x50 obj/nx_clock.o
                0x00000000000033d0                gppll
                0x00000000000033f8                cpuclkdiv
                0x0000000000003410                pllpms
 .rodata        0x0000000000003420       0x2c obj/iROMBOOT.o
                0x0000000000003430                iv
                0x0000000000003440                sssclk
 *fill*         0x000000000000344c        0x4 
 .rodata.str1.8
                0x0000000000003450       0x39 obj/iROMBOOT.o
 *fill*         0x0000000000003489        0x7 
 .rodata.str1.8
                0x0000000000003490       0x18 obj/libplat.o
 .rodata        0x00000000000034a8        0xc obj/debug.o
                0x00000000000034a8                dbguart
 *fill*         0x00000000000034b4        0x4 
 .rodata        0x00000000000034b8      0x2a2 obj/iSDHCBOOT.o
                0x00000000000034e0                pgSDXCReg
                0x0000000000003608                sdmmcclk
                0x00000000000036b8                sdmmcpad
 *fill*         0x000000000000375a        0x6 
 .rodata.str1.8
                0x0000000000003760      0x959 obj/iSDHCBOOT.o
                                        0x961 (size before relaxing)
 *fill*         0x00000000000040b9        0x7 
 .rodata        0x00000000000040c0       0xaa obj/iUSBBOOT.o
                0x00000000000040f0                usbclk
                0x0000000000004104                gs_ConfigDescHS
                0x0000000000004124                gs_ConfigDescFS
                0x0000000000004144                gs_DevDescHS
                0x0000000000004158                gs_DevDescFS
 *fill*         0x000000000000416a        0x6 
 .rodata.str1.8
                0x0000000000004170       0x68 obj/iUSBBOOT.o
                                         0x67 (size before relaxing)
 .rodata        0x00000000000041d8      0x1c0 obj/fnptr.o
                0x00000000000041d8                bl0fn

.srodata        0x0000000000004398        0x0
 *(.srodata.cst16)
 *(.srodata.cst8)
 *(.srodata.cst4)
 *(.srodata.cst2)
 *(.srodata.*)

.data           0x0000000000004398      0x1f9
 *(.data .data.* .gnu.linkonce.d.*)
 .data          0x0000000000004398        0x0 obj/head.o
 .data          0x0000000000004398        0x0 obj/kprintf.o
 .data          0x0000000000004398        0x0 obj/nx_clock.o
 .data          0x0000000000004398        0x0 obj/iROMBOOT.o
 .data          0x0000000000004398        0x0 obj/libplat.o
 .data          0x0000000000004398        0x0 obj/debug.o
 .data          0x0000000000004398      0x1f9 obj/iSDHCBOOT.o
                0x0000000000004398                sd_body
 .data          0x0000000000004591        0x0 obj/iUSBBOOT.o
 .data          0x0000000000004591        0x0 obj/diskio.o
 .data          0x0000000000004591        0x0 obj/fnptr.o
 *(.tohost)

.sdata          0x0000000000004598       0x48
 *(.sdata .sdata.* .gnu.linkonce.s.*)
 .sdata         0x0000000000004598       0x18 obj/iROMBOOT.o
                0x0000000000004598                pbootkeyhash
                0x00000000000045a0                pbm
                0x00000000000045a8                pECIDReg
 .sdata         0x00000000000045b0       0x10 obj/libplat.o
                0x00000000000045b0                pAlive
                0x00000000000045b8                pGPIOReg
 .sdata         0x00000000000045c0        0x4 obj/iSDHCBOOT.o
                0x00000000000045c0                sd_body_size
 *fill*         0x00000000000045c4        0x4 
 .sdata         0x00000000000045c8       0x18 obj/iUSBBOOT.o
                0x00000000000045c8                pCMUUSB
                0x00000000000045d0                pPBI
                0x00000000000045d8                pUOReg
                [!provide]                        PROVIDE (_data, ADDR (.rodata))
                [!provide]                        PROVIDE (_data_lma, LOADADDR (.rodata))
                [!provide]                        PROVIDE (_edata, .)

.bss            0x000000008fff0000        0x8
                [!provide]                        PROVIDE (_fbss, .)
                [!provide]                        PROVIDE (__global_pointer$, (. + 0x7c0))
 *(.sbss .sbss.* .gnu.linkonce.sb.*)
 .sbss          0x000000008fff0000        0x4 obj/debug.o
                0x000000008fff0000                test
 *(.bss .bss.* .gnu.linkonce.b.*)
 .bss           0x000000008fff0004        0x0 obj/head.o
 .bss           0x000000008fff0004        0x0 obj/kprintf.o
 .bss           0x000000008fff0004        0x0 obj/nx_clock.o
 .bss           0x000000008fff0004        0x0 obj/iROMBOOT.o
 .bss           0x000000008fff0004        0x0 obj/libplat.o
 .bss           0x000000008fff0004        0x0 obj/debug.o
 .bss           0x000000008fff0004        0x0 obj/iSDHCBOOT.o
 .bss           0x000000008fff0004        0x0 obj/iUSBBOOT.o
 .bss           0x000000008fff0004        0x0 obj/diskio.o
 .bss           0x000000008fff0004        0x0 obj/fnptr.o
                0x000000008fff0008                . = ALIGN (0x8)
 *fill*         0x000000008fff0004        0x4 
                0x000000008fff0008                PROVIDE (_ebss, .)
                [!provide]                        PROVIDE (_end, .)
                0x0000000090000000                PROVIDE (_sp, ALIGN ((MIN ((ORIGIN (memory_mem) + LENGTH (memory_mem)), (_ebss + 0x100000)) - 0x7), 0x8))
                [!provide]                        PROVIDE (_heap_end, (_sp - 0x800))

.stack          0x000000008fff0008        0x0
                0x0000000000000001                ASSERT ((_sp >= (_ebss + 0x1000)), Error: No room left for the heap and stack)
OUTPUT(build/swallow.elf elf64-littleriscv)

.debug_line     0x0000000000000000     0x2d58
 .debug_line    0x0000000000000000       0x7d obj/head.o
 .debug_line    0x000000000000007d      0x2ee obj/kprintf.o
 .debug_line    0x000000000000036b      0x3aa obj/nx_clock.o
 .debug_line    0x0000000000000715      0x248 obj/iROMBOOT.o
 .debug_line    0x000000000000095d      0x43c obj/libplat.o
 .debug_line    0x0000000000000d99      0x1e1 obj/debug.o
 .debug_line    0x0000000000000f7a      0xfc1 obj/iSDHCBOOT.o
 .debug_line    0x0000000000001f3b      0xb05 obj/iUSBBOOT.o
 .debug_line    0x0000000000002a40      0x19a obj/diskio.o
 .debug_line    0x0000000000002bda      0x17e obj/fnptr.o

.debug_info     0x0000000000000000     0xb7b5
 .debug_info    0x0000000000000000       0x22 obj/head.o
 .debug_info    0x0000000000000022      0x3fc obj/kprintf.o
 .debug_info    0x000000000000041e      0x6b3 obj/nx_clock.o
 .debug_info    0x0000000000000ad1     0x15a5 obj/iROMBOOT.o
 .debug_info    0x0000000000002076     0x13db obj/libplat.o
 .debug_info    0x0000000000003451     0x1385 obj/debug.o
 .debug_info    0x00000000000047d6     0x329c obj/iSDHCBOOT.o
 .debug_info    0x0000000000007a72     0x2514 obj/iUSBBOOT.o
 .debug_info    0x0000000000009f86      0xc4e obj/diskio.o
 .debug_info    0x000000000000abd4      0xbe1 obj/fnptr.o

.debug_abbrev   0x0000000000000000     0x1b08
 .debug_abbrev  0x0000000000000000       0x12 obj/head.o
 .debug_abbrev  0x0000000000000012      0x16e obj/kprintf.o
 .debug_abbrev  0x0000000000000180      0x160 obj/nx_clock.o
 .debug_abbrev  0x00000000000002e0      0x371 obj/iROMBOOT.o
 .debug_abbrev  0x0000000000000651      0x3e4 obj/libplat.o
 .debug_abbrev  0x0000000000000a35      0x304 obj/debug.o
 .debug_abbrev  0x0000000000000d39      0x421 obj/iSDHCBOOT.o
 .debug_abbrev  0x000000000000115a      0x480 obj/iUSBBOOT.o
 .debug_abbrev  0x00000000000015da      0x2ac obj/diskio.o
 .debug_abbrev  0x0000000000001886      0x282 obj/fnptr.o

.debug_aranges  0x0000000000000000      0x1f0
 .debug_aranges
                0x0000000000000000       0x40 obj/head.o
 .debug_aranges
                0x0000000000000040       0x30 obj/kprintf.o
 .debug_aranges
                0x0000000000000070       0x30 obj/nx_clock.o
 .debug_aranges
                0x00000000000000a0       0x30 obj/iROMBOOT.o
 .debug_aranges
                0x00000000000000d0       0x30 obj/libplat.o
 .debug_aranges
                0x0000000000000100       0x30 obj/debug.o
 .debug_aranges
                0x0000000000000130       0x30 obj/iSDHCBOOT.o
 .debug_aranges
                0x0000000000000160       0x30 obj/iUSBBOOT.o
 .debug_aranges
                0x0000000000000190       0x30 obj/diskio.o
 .debug_aranges
                0x00000000000001c0       0x30 obj/fnptr.o

.debug_str      0x0000000000000000     0x1e64
 .debug_str     0x0000000000000000       0x57 obj/head.o
 .debug_str     0x0000000000000057      0x124 obj/kprintf.o
                                        0x1a3 (size before relaxing)
 .debug_str     0x000000000000017b      0x2f9 obj/nx_clock.o
                                        0x41a (size before relaxing)
 .debug_str     0x0000000000000474      0xa35 obj/iROMBOOT.o
                                        0xd96 (size before relaxing)
 .debug_str     0x0000000000000ea9      0x3ec obj/libplat.o
                                        0xc32 (size before relaxing)
 .debug_str     0x0000000000001295       0xda obj/debug.o
                                        0xc78 (size before relaxing)
 .debug_str     0x000000000000136f      0x2b1 obj/iSDHCBOOT.o
                                        0xf20 (size before relaxing)
 .debug_str     0x0000000000001620      0x7a7 obj/iUSBBOOT.o
                                       0x15e6 (size before relaxing)
 .debug_str     0x0000000000001dc7       0x91 obj/diskio.o
                                        0x8d3 (size before relaxing)
 .debug_str     0x0000000000001e58        0xc obj/fnptr.o
                                        0x841 (size before relaxing)

.debug_ranges   0x0000000000000000      0x1c0
 .debug_ranges  0x0000000000000000       0x40 obj/head.o
 .debug_ranges  0x0000000000000040       0xa0 obj/kprintf.o
 .debug_ranges  0x00000000000000e0       0x30 obj/nx_clock.o
 .debug_ranges  0x0000000000000110       0xb0 obj/libplat.o

.debug_loc      0x0000000000000000     0x3beb
 .debug_loc     0x0000000000000000      0x4b1 obj/kprintf.o
 .debug_loc     0x00000000000004b1      0x54f obj/nx_clock.o
 .debug_loc     0x0000000000000a00      0x209 obj/iROMBOOT.o
 .debug_loc     0x0000000000000c09      0x8fb obj/libplat.o
 .debug_loc     0x0000000000001504       0x5c obj/debug.o
 .debug_loc     0x0000000000001560     0x181c obj/iSDHCBOOT.o
 .debug_loc     0x0000000000002d7c      0xc28 obj/iUSBBOOT.o
 .debug_loc     0x00000000000039a4      0x247 obj/diskio.o

.comment        0x0000000000000000       0x11
 .comment       0x0000000000000000       0x11 obj/kprintf.o
                                         0x12 (size before relaxing)
 .comment       0x0000000000000011       0x12 obj/nx_clock.o
 .comment       0x0000000000000011       0x12 obj/iROMBOOT.o
 .comment       0x0000000000000011       0x12 obj/libplat.o
 .comment       0x0000000000000011       0x12 obj/debug.o
 .comment       0x0000000000000011       0x12 obj/iSDHCBOOT.o
 .comment       0x0000000000000011       0x12 obj/iUSBBOOT.o
 .comment       0x0000000000000011       0x12 obj/diskio.o
 .comment       0x0000000000000011       0x12 obj/fnptr.o

.debug_frame    0x0000000000000000      0xa40
 .debug_frame   0x0000000000000000       0x50 obj/kprintf.o
 .debug_frame   0x0000000000000050       0x70 obj/nx_clock.o
 .debug_frame   0x00000000000000c0       0x50 obj/iROMBOOT.o
 .debug_frame   0x0000000000000110      0x140 obj/libplat.o
 .debug_frame   0x0000000000000250       0x58 obj/debug.o
 .debug_frame   0x00000000000002a8      0x488 obj/iSDHCBOOT.o
 .debug_frame   0x0000000000000730      0x248 obj/iUSBBOOT.o
 .debug_frame   0x0000000000000978       0x80 obj/diskio.o
 .debug_frame   0x00000000000009f8       0x48 obj/fnptr.o

Cross Reference Table

Symbol                                            File
DebugInit                                         obj/debug.o
                                                  obj/fnptr.o
DebugIsBusy                                       obj/debug.o
DebugPutch                                        obj/debug.o
GPIOReleasePAD                                    obj/libplat.o
                                                  obj/fnptr.o
GPIOSetAltFunction                                obj/libplat.o
                                                  obj/fnptr.o
GPIOSetDrvSt                                      obj/libplat.o
                                                  obj/fnptr.o
GPIOSetPullup                                     obj/libplat.o
                                                  obj/fnptr.o
Getbl0fnPtr                                       obj/fnptr.o
                                                  obj/diskio.o
                                                  obj/iUSBBOOT.o
                                                  obj/iSDHCBOOT.o
                                                  obj/libplat.o
                                                  obj/iROMBOOT.o
NX_PLL_GetFrequency                               obj/nx_clock.o
NX_SDMMC_Close                                    obj/iSDHCBOOT.o
                                                  obj/fnptr.o
NX_SDMMC_IdentifyCard                             obj/iSDHCBOOT.o
                                                  obj/fnptr.o
NX_SDMMC_Init                                     obj/iSDHCBOOT.o
                                                  obj/fnptr.o
NX_SDMMC_Open                                     obj/iSDHCBOOT.o
                                                  obj/fnptr.o
NX_SDMMC_ReadSectorData                           obj/iSDHCBOOT.o
                                                  obj/fnptr.o
NX_SDMMC_ReadSectors                              obj/iSDHCBOOT.o
                                                  obj/fnptr.o
NX_SDMMC_SelectCard                               obj/iSDHCBOOT.o
                                                  obj/fnptr.o
NX_SDMMC_SendAppCommand                           obj/iSDHCBOOT.o
                                                  obj/fnptr.o
NX_SDMMC_SendCommand                              obj/iSDHCBOOT.o
                                                  obj/fnptr.o
NX_SDMMC_SendCommandInternal                      obj/iSDHCBOOT.o
                                                  obj/fnptr.o
NX_SDMMC_SendStatus                               obj/iSDHCBOOT.o
                                                  obj/fnptr.o
NX_SDMMC_SetBlockLength                           obj/iSDHCBOOT.o
                                                  obj/fnptr.o
NX_SDMMC_SetBusWidth                              obj/iSDHCBOOT.o
                                                  obj/fnptr.o
NX_SDMMC_SetCardDetectPullUp                      obj/iSDHCBOOT.o
                                                  obj/fnptr.o
NX_SDMMC_SetClock                                 obj/iSDHCBOOT.o
                                                  obj/fnptr.o
NX_SDMMC_Terminate                                obj/iSDHCBOOT.o
                                                  obj/fnptr.o
NX_SDPADSetALT                                    obj/iSDHCBOOT.o
                                                  obj/fnptr.o
NX_SDPADSetGPIO                                   obj/iSDHCBOOT.o
                                                  obj/fnptr.o
SDMMCBOOT                                         obj/iSDHCBOOT.o
                                                  obj/fnptr.o
__div0                                            obj/libplat.o
                                                  obj/fnptr.o
_dprintf                                          obj/kprintf.o
                                                  obj/fnptr.o
_prog_start                                       obj/head.o
bl0fn                                             obj/fnptr.o
cpuclkdiv                                         obj/nx_clock.o
dbguart                                           obj/debug.o
delay                                             obj/fnptr.o
disk_initialize                                   obj/diskio.o
disk_read                                         obj/diskio.o
disk_status                                       obj/diskio.o
gppll                                             obj/nx_clock.o
gs_ConfigDescFS                                   obj/iUSBBOOT.o
                                                  obj/fnptr.o
gs_ConfigDescHS                                   obj/iUSBBOOT.o
                                                  obj/fnptr.o
gs_DevDescFS                                      obj/iUSBBOOT.o
                                                  obj/fnptr.o
gs_DevDescHS                                      obj/iUSBBOOT.o
                                                  obj/fnptr.o
iROMBOOT                                          obj/iROMBOOT.o
                                                  obj/fnptr.o
                                                  obj/head.o
iSDXCBOOT                                         obj/iSDHCBOOT.o
                                                  obj/fnptr.o
iUSBBOOT                                          obj/iUSBBOOT.o
                                                  obj/fnptr.o
iv                                                obj/iROMBOOT.o
                                                  obj/fnptr.o
kputs                                             obj/kprintf.o
                                                  obj/fnptr.o
nx_memcmp                                         obj/libplat.o
                                                  obj/fnptr.o
nx_memcpy                                         obj/libplat.o
                                                  obj/fnptr.o
nx_memset                                         obj/libplat.o
                                                  obj/fnptr.o
nx_udc_int_hndlr                                  obj/iUSBBOOT.o
                                                  obj/fnptr.o
nx_usb_ep0_int_hndlr                              obj/iUSBBOOT.o
                                                  obj/fnptr.o
nx_usb_int_bulkin                                 obj/iUSBBOOT.o
                                                  obj/fnptr.o
nx_usb_int_bulkout                                obj/iUSBBOOT.o
                                                  obj/fnptr.o
nx_usb_pkt_receive                                obj/iUSBBOOT.o
                                                  obj/fnptr.o
nx_usb_read_out_fifo                              obj/iUSBBOOT.o
                                                  obj/fnptr.o
nx_usb_reset                                      obj/iUSBBOOT.o
                                                  obj/fnptr.o
nx_usb_set_init                                   obj/iUSBBOOT.o
                                                  obj/fnptr.o
nx_usb_transfer                                   obj/iUSBBOOT.o
                                                  obj/fnptr.o
nx_usb_transfer_ep0                               obj/iUSBBOOT.o
                                                  obj/fnptr.o
nx_usb_write_in_fifo                              obj/iUSBBOOT.o
                                                  obj/fnptr.o
pAlive                                            obj/libplat.o
pCMUUSB                                           obj/iUSBBOOT.o
pECIDReg                                          obj/iROMBOOT.o
                                                  obj/iUSBBOOT.o
pGPIOReg                                          obj/libplat.o
pPBI                                              obj/iUSBBOOT.o
pUOReg                                            obj/iUSBBOOT.o
pbm                                               obj/iROMBOOT.o
                                                  obj/fnptr.o
pbootkeyhash                                      obj/iROMBOOT.o
                                                  obj/fnptr.o
pgSDXCReg                                         obj/iSDHCBOOT.o
pllpms                                            obj/nx_clock.o
sd_body                                           obj/iSDHCBOOT.o
sd_body_size                                      obj/iSDHCBOOT.o
sdmmcclk                                          obj/iSDHCBOOT.o
sdmmcpad                                          obj/iSDHCBOOT.o
setcpuclock                                       obj/nx_clock.o
                                                  obj/fnptr.o
setdeviceclock                                    obj/nx_clock.o
                                                  obj/fnptr.o
setpad                                            obj/libplat.o
                                                  obj/fnptr.o
setsystemclock                                    obj/nx_clock.o
                                                  obj/fnptr.o
sssclk                                            obj/iROMBOOT.o
test                                              obj/debug.o
udelay                                            obj/libplat.o
                                                  obj/fnptr.o
usbclk                                            obj/iUSBBOOT.o
