
Memory Configuration

Name             Origin             Length             Attributes
*default*        0x0000000000000000 0xffffffffffffffff

Linker script and memory map

LOAD obj/head.o
LOAD obj/bl1_main.o
LOAD obj/nx_debug.o
LOAD obj/nx_swallow_printf.o
                0x0000000040000200                . = 0x40000200
                0x0000000040000200                . = ALIGN (0x4)

.text           0x0000000040000200      0x60c
 obj/head.o(.text)
 .text          0x0000000040000200        0x0 obj/head.o
 *(.text)
 .text          0x0000000040000200       0x24 obj/bl1_main.o
                0x0000000040000200                bl1main
 .text          0x0000000040000224       0x34 obj/nx_debug.o
                0x0000000040000224                DebugPutch
                0x0000000040000240                DebugIsBusy
 .text          0x0000000040000258      0x5b4 obj/nx_swallow_printf.o
                0x0000000040000258                printchar
                0x0000000040000280                prints
                0x0000000040000424                printi
                0x0000000040000564                print
                0x00000000400007c4                _dprintf

.text.start     0x000000004000080c       0x14
 .text.start    0x000000004000080c       0x14 obj/head.o
                0x000000004000080c                bl1start

.text.hang      0x0000000040000820        0xc
 .text.hang     0x0000000040000820        0xc obj/head.o
                0x0000000040000820                _hang
                0x000000004000082c                . = ALIGN (0x4)

.rodata         0x0000000040000830       0x18
 *(.rodata*)
 .rodata.str1.8
                0x0000000040000830        0xf obj/bl1_main.o
 *fill*         0x000000004000083f        0x1 
 .rodata.str1.8
                0x0000000040000840        0x8 obj/nx_swallow_printf.o
                                          0x7 (size before relaxing)
                0x0000000040000848                . = ALIGN (0x4)

.data           0x0000000040000848        0x0
 *(.data*)
 .data          0x0000000040000848        0x0 obj/head.o
 .data          0x0000000040000848        0x0 obj/bl1_main.o
 .data          0x0000000040000848        0x0 obj/nx_debug.o
 .data          0x0000000040000848        0x0 obj/nx_swallow_printf.o
                0x0000000040000848                . = ALIGN (0x4)

.got
 *(.got)
                0x0000000040000848                _end = .
                0x0000000040000848                . = ALIGN (0x8)
                0x0000000040000848                __bss_start__ = .

.bss_start      0x0000000040000848        0x0
 *(.__bss_start)
                0x0000000040000848                __bss_base = .

.bss            0x0000000040000848        0x0
 *(.bss*)
 .bss           0x0000000040000848        0x0 obj/head.o
 .bss           0x0000000040000848        0x0 obj/bl1_main.o
 .bss           0x0000000040000848        0x0 obj/nx_debug.o
 .bss           0x0000000040000848        0x0 obj/nx_swallow_printf.o
                0x0000000040000848                . = ALIGN (0x4)
                0x0000000040000848                __bss_limit = .

.bss_end
 *(.__bss_end)
                0x0000000040000848                __bss_end__ = .
OUTPUT(build/bl1.elf elf64-littleriscv)

.comment        0x0000000000000000       0x11
 .comment       0x0000000000000000       0x11 obj/bl1_main.o
                                         0x12 (size before relaxing)
 .comment       0x0000000000000011       0x12 obj/nx_debug.o
 .comment       0x0000000000000011       0x12 obj/nx_swallow_printf.o

Cross Reference Table

Symbol                                            File
DebugIsBusy                                       obj/nx_debug.o
DebugPutch                                        obj/nx_debug.o
                                                  obj/nx_swallow_printf.o
_dprintf                                          obj/nx_swallow_printf.o
                                                  obj/bl1_main.o
_hang                                             obj/head.o
bl1main                                           obj/bl1_main.o
                                                  obj/head.o
bl1start                                          obj/head.o
print                                             obj/nx_swallow_printf.o
printchar                                         obj/nx_swallow_printf.o
printi                                            obj/nx_swallow_printf.o
prints                                            obj/nx_swallow_printf.o
