
Memory Configuration

Name             Origin             Length             Attributes
uart_ctrl        0x0000000010013000 0x0000000000001000 rw
*default*        0x0000000000000000 0xffffffffffffffff

Linker script and memory map

LOAD /tmp/ccS0bi9q.o
LOAD /tmp/ccLZwzEf.o
                0x0000000090000600                . = 0x90000600
                0x0000000090000600                _ftext = .
                [!provide]                        PROVIDE (eprol, .)

.text           0x0000000010013000      0x176
 *(.text.init)
 *(.text)
 .text          0x0000000010013000        0x0 /tmp/ccS0bi9q.o
 .text          0x0000000010013000      0x15e /tmp/ccLZwzEf.o
                0x0000000010013000                kputs
                0x0000000010013044                _dprintf
 *(.text.*)
 .text.startup  0x000000001001315e       0x18 /tmp/ccS0bi9q.o
                0x000000001001315e                main
 *(.gnu.linkonce.t.*)

.rodata         0x0000000010013178       0x70
 *(.rdata)
 *(.rodata)
 .rodata        0x0000000010013178       0x58 /tmp/ccLZwzEf.o
 *(.rodata.*)
 .rodata.str1.8
                0x00000000100131d0       0x18 /tmp/ccS0bi9q.o
                                         0x13 (size before relaxing)
 *(.gnu.linkonce.r.*)
                [!provide]                        PROVIDE (etext, .)
                0x00000000100131e8                _etext = .

.rela.dyn       0x00000000100131e8        0x0
 .rela.text.startup
                0x00000000100131e8        0x0 /tmp/ccS0bi9q.o
                0x0000000010014000                . = ALIGN (0x1000)

htif
 *(htif)
                0x0000000010014000                . = ALIGN (0x1000)
                0x0000000010014000                . = ALIGN (0x10)
                0x0000000010014000                _fdata = .

.data           0x00000000100131e8       0x11
 *(.data)
 .data          0x00000000100131e8        0x0 /tmp/ccS0bi9q.o
 .data          0x00000000100131e8        0x0 /tmp/ccLZwzEf.o
 *(.data.*)
 *(.srodata*)
 *(.gnu.linkonce.d.*)
 *(.comment)
 .comment       0x00000000100131e8       0x11 /tmp/ccS0bi9q.o
                                         0x12 (size before relaxing)
 .comment       0x00000000100131f9       0x12 /tmp/ccLZwzEf.o
                0x000000001001320c                . = ALIGN (0x4)
                [!provide]                        PROVIDE (edata, .)
                0x000000001001320c                _edata = .
                0x000000001001320c                . = .
                0x000000001001320c                _fbss = .
                0x000000001001320c                . = .
                0x000000001001320c                . = .
                0x000000001001320c                _bss_start = .

.bss            0x00000000100131f9        0x0 load address 0x00000000100131fc
 *(.bss)
 .bss           0x00000000100131f9        0x0 /tmp/ccS0bi9q.o
 .bss           0x00000000100131f9        0x0 /tmp/ccLZwzEf.o
 *(.bss.*)
 *(.sbss*)
 *(.gnu.linkonce.b.*)
 *(COMMON)

.sbi
 *(.sbi)

.payload
 *(.payload)
                0x00000000100131f9                _end = .
OUTPUT(build/test.elf elf64-littleriscv)

.debug_info     0x0000000000000000      0x4db
 .debug_info    0x0000000000000000       0xdf /tmp/ccS0bi9q.o
 .debug_info    0x00000000000000df      0x3fc /tmp/ccLZwzEf.o

.debug_abbrev   0x0000000000000000      0x20f
 .debug_abbrev  0x0000000000000000       0xa1 /tmp/ccS0bi9q.o
 .debug_abbrev  0x00000000000000a1      0x16e /tmp/ccLZwzEf.o

.debug_aranges  0x0000000000000000       0x60
 .debug_aranges
                0x0000000000000000       0x30 /tmp/ccS0bi9q.o
 .debug_aranges
                0x0000000000000030       0x30 /tmp/ccLZwzEf.o

.debug_ranges   0x0000000000000000       0xc0
 .debug_ranges  0x0000000000000000       0x20 /tmp/ccS0bi9q.o
 .debug_ranges  0x0000000000000020       0xa0 /tmp/ccLZwzEf.o

.debug_line     0x0000000000000000      0x3f5
 .debug_line    0x0000000000000000      0x103 /tmp/ccS0bi9q.o
 .debug_line    0x0000000000000103      0x2f2 /tmp/ccLZwzEf.o

.debug_str      0x0000000000000000      0x16a
 .debug_str     0x0000000000000000      0x108 /tmp/ccS0bi9q.o
                                        0x12a (size before relaxing)
 .debug_str     0x0000000000000108       0x62 /tmp/ccLZwzEf.o
                                        0x19b (size before relaxing)

.debug_frame    0x0000000000000000       0x88
 .debug_frame   0x0000000000000000       0x38 /tmp/ccS0bi9q.o
 .debug_frame   0x0000000000000038       0x50 /tmp/ccLZwzEf.o

.debug_loc      0x0000000000000000      0x4b1
 .debug_loc     0x0000000000000000      0x4b1 /tmp/ccLZwzEf.o

Cross Reference Table

Symbol                                            File
_dprintf                                          /tmp/ccLZwzEf.o
                                                  /tmp/ccS0bi9q.o
kputs                                             /tmp/ccLZwzEf.o
main                                              /tmp/ccS0bi9q.o
